// Jest Snapshot v1, https://goo.gl/fbAQLP

exports[`проверка ReitingMovie отрисовка ReitingMovie  1`] = `
<div
  className="root"
>
  <span
    className="left"
  >
    10
    ,
  </span>
  <span
    className="right"
  />
</div>
`;
