// Jest Snapshot v1, https://goo.gl/fbAQLP

exports[`проверка PosterCards отрисовка PosterCards  1`] = `
<div
  className="wrapper"
/>
`;
