// Jest Snapshot v1, https://goo.gl/fbAQLP

exports[`проверка Loader отрисовка Loader 1`] = `
<div
  className="ldsSpinner"
>
  <div />
  <div />
  <div />
  <div />
  <div />
  <div />
  <div />
  <div />
  <div />
  <div />
  <div />
  <div />
</div>
`;
