// Jest Snapshot v1, https://goo.gl/fbAQLP

exports[`проверка OutputWindow отрисовка OutputWindow с фотографией 1`] = `null`;
